2021-02-18 19:21:45, ERROR  BAD KEY IN JSON
